
Running 1 test using 1 worker

[1A[2K[1/1] [chromium] › e2e\smoketest.spec.ts:4:5 › Critical User Journeys › CUJ-01: The First Steps & Persistence
[1A[2K[chromium] › e2e\smoketest.spec.ts:4:5 › Critical User Journeys › CUJ-01: The First Steps & Persistence
Test Failed. Page Content:

[1A[2K<!DOCTYPE html><html lang="en"><head>
  <script type="module">import { injectIntoGlobalHook } from "/@react-refresh";
injectIntoGlobalHook(window);
window.$RefreshReg$ = () => {};
window.$RefreshSig$ = () => (type) => type;</script>

  <script type="module" src="/@vite/client"></script>

  <meta charset="UTF-8">
  <link rel="icon" type="image/svg+xml" href="/vite.svg">
  <meta name="viewport" content="width=device-width, initial-scale=1.0">
  <title>BRUEGEL</title>
<style type="text/css" data-vite-dev-id="C:/Users/MT/Projects/LEARN DRAWING/ai-drawing-tutor/src/index.css">/*! tailwindcss v4.1.18 | MIT License | https://tailwindcss.com */
@import url('https://fonts.googleapis.com/css2?family=Outfit:wght@300;400;500;700&family=Playfair+Display:ital,wght@0,400;0,700;1,400&display=swap');
@layer properties;
@layer theme, base, components, utilities;
@layer theme {
  :root, :host {
    --font-sans: ui-sans-serif, system-ui, sans-serif, "Apple Color Emoji",
      "Segoe UI Emoji", "Segoe UI Symbol", "Noto Color Emoji";
    --font-serif: ui-serif, Georgia, Cambria, "Times New Roman", Times, serif;
    --font-mono: ui-monospace, SFMono-Regular, Menlo, Monaco, Consolas, "Liberation Mono",
      "Courier New", monospace;
    --color-red-50: oklch(97.1% 0.013 17.38);
    --color-red-200: oklch(88.5% 0.062 18.334);
    --color-red-500: oklch(63.7% 0.237 25.331);
    --color-red-600: oklch(57.7% 0.245 27.325);
    --color-red-800: oklch(44.4% 0.177 26.899);
    --color-amber-100: oklch(96.2% 0.059 95.617);
    --color-sky-500: oklch(68.5% 0.169 237.323);
    --color-blue-100: oklch(93.2% 0.032 255.585);
    --color-blue-600: oklch(54.6% 0.245 262.881);
    --color-blue-900: oklch(37.9% 0.146 265.522);
    --color-indigo-500: oklch(58.5% 0.233 277.117);
    --color-rose-500: oklch(64.5% 0.246 16.439);
    --color-slate-50: oklch(98.4% 0.003 247.858);
    --color-slate-100: oklch(96.8% 0.007 247.896);
    --color-slate-400: oklch(70.4% 0.04 256.788);
    --color-slate-600: oklch(44.6% 0.043 257.281);
    --color-zinc-50: oklch(98.5% 0 0);
    --color-zinc-100: oklch(96.7% 0.001 286.375);
    --color-zinc-200: oklch(92% 0.004 286.32);
    --color-zinc-300: oklch(87.1% 0.006 286.286);
    --color-zinc-400: oklch(70.5% 0.015 286.067);
    --color-zinc-500: oklch(55.2% 0.016 285.938);
    --color-zinc-600: oklch(44.2% 0.017 285.786);
    --color-zinc-700: oklch(37% 0.013 285.805);
    --color-zinc-800: oklch(27.4% 0.006 286.033);
    --color-zinc-900: oklch(21% 0.006 285.885);
    --color-stone-100: oklch(97% 0.001 106.424);
    --color-stone-200: oklch(92.3% 0.003 48.717);
    --color-stone-300: oklch(86.9% 0.005 56.366);
    --color-stone-500: oklch(55.3% 0.013 58.071);
    --color-stone-800: oklch(26.8% 0.007 34.298);
    --color-stone-900: oklch(21.6% 0.006 56.043);
    --color-black: #000;
    --color-white: #fff;
    --spacing: 0.25rem;
    --container-md: 28rem;
    --container-lg: 32rem;
    --text-xs: 0.75rem;
    --text-xs--line-height: calc(1 / 0.75);
    --text-sm: 0.875rem;
    --text-sm--line-height: calc(1.25 / 0.875);
    --text-lg: 1.125rem;
    --text-lg--line-height: calc(1.75 / 1.125);
    --text-xl: 1.25rem;
    --text-xl--line-height: calc(1.75 / 1.25);
    --text-2xl: 1.5rem;
    --text-2xl--line-height: calc(2 / 1.5);
    --text-3xl: 1.875rem;
    --text-3xl--line-height: calc(2.25 / 1.875);
    --text-6xl: 3.75rem;
    --text-6xl--line-height: 1;
    --font-weight-medium: 500;
    --font-weight-bold: 700;
    --font-weight-black: 900;
    --tracking-tight: -0.025em;
    --tracking-widest: 0.1em;
    --radius-sm: 0.25rem;
    --radius-lg: 0.5rem;
    --radius-xl: 0.75rem;
    --radius-2xl: 1rem;
    --radius-3xl: 1.5rem;
    --ease-in-out: cubic-bezier(0.4, 0, 0.2, 1);
    --animate-pulse: pulse 2s cubic-bezier(0.4, 0, 0.6, 1) infinite;
    --blur-sm: 8px;
    --blur-md: 12px;
    --blur-xl: 24px;
    --default-transition-duration: 150ms;
    --default-transition-timing-function: cubic-bezier(0.4, 0, 0.2, 1);
    --default-font-family: var(--font-sans);
    --default-mono-font-family: var(--font-mono);
  }
}
@layer base {
  *,
  ::after,
  ::before,
  ::backdrop,
  ::file-selector-button {
    box-sizing: border-box;
    margin: 0;
    padding: 0;
    border: 0 solid;
  }
  html,
  :host {
    line-height: 1.5;
    -webkit-text-size-adjust: 100%;
    tab-size: 4;
    font-family: var(--default-font-family, ui-sans-serif, system-ui, sans-serif, "Apple Color Emoji", "Segoe UI Emoji", "Segoe UI Symbol", "Noto Color Emoji");
    font-feature-settings: var(--default-font-feature-settings, normal);
    font-variation-settings: var(--default-font-variation-settings, normal);
    -webkit-tap-highlight-color: transparent;
  }
  hr {
    height: 0;
    color: inherit;
    border-top-width: 1px;
  }
  abbr:where([title]) {
    -webkit-text-decoration: underline dotted;
    text-decoration: underline dotted;
  }
  h1,
  h2,
  h3,
  h4,
  h5,
  h6 {
    font-size: inherit;
    font-weight: inherit;
  }
  a {
    color: inherit;
    -webkit-text-decoration: inherit;
    text-decoration: inherit;
  }
  b,
  strong {
    font-weight: bolder;
  }
  code,
  kbd,
  samp,
  pre {
    font-family: var(--default-mono-font-family, ui-monospace, SFMono-Regular, Menlo, Monaco, Consolas, "Liberation Mono", "Courier New", monospace);
    font-feature-settings: var(--default-mono-font-feature-settings, normal);
    font-variation-settings: var(--default-mono-font-variation-settings, normal);
    font-size: 1em;
  }
  small {
    font-size: 80%;
  }
  sub,
  sup {
    font-size: 75%;
    line-height: 0;
    position: relative;
    vertical-align: baseline;
  }
  sub {
    bottom: -0.25em;
  }
  sup {
    top: -0.5em;
  }
  table {
    text-indent: 0;
    border-color: inherit;
    border-collapse: collapse;
  }
  :-moz-focusring {
    outline: auto;
  }
  progress {
    vertical-align: baseline;
  }
  summary {
    display: list-item;
  }
  ol,
  ul,
  menu {
    list-style: none;
  }
  img,
  svg,
  video,
  canvas,
  audio,
  iframe,
  embed,
  object {
    display: block;
    vertical-align: middle;
  }
  img,
  video {
    max-width: 100%;
    height: auto;
  }
  button,
  input,
  select,
  optgroup,
  textarea,
  ::file-selector-button {
    font: inherit;
    font-feature-settings: inherit;
    font-variation-settings: inherit;
    letter-spacing: inherit;
    color: inherit;
    border-radius: 0;
    background-color: transparent;
    opacity: 1;
  }
  :where(select:is([multiple], [size])) optgroup {
    font-weight: bolder;
  }
  :where(select:is([multiple], [size])) optgroup option {
    padding-inline-start: 20px;
  }
  ::file-selector-button {
    margin-inline-end: 4px;
  }
  ::placeholder {
    opacity: 1;
  }
  @supports (not (-webkit-appearance: -apple-pay-button))  or
    (contain-intrinsic-size: 1px) {
    ::placeholder {
      color: currentcolor;
      @supports (color: color-mix(in lab, red, red)) {
        color: color-mix(in oklab, currentcolor 50%, transparent);
      }
    }
  }
  textarea {
    resize: vertical;
  }
  ::-webkit-search-decoration {
    -webkit-appearance: none;
  }
  ::-webkit-date-and-time-value {
    min-height: 1lh;
    text-align: inherit;
  }
  ::-webkit-datetime-edit {
    display: inline-flex;
  }
  ::-webkit-datetime-edit-fields-wrapper {
    padding: 0;
  }
  ::-webkit-datetime-edit,
  ::-webkit-datetime-edit-year-field,
  ::-webkit-datetime-edit-month-field,
  ::-webkit-datetime-edit-day-field,
  ::-webkit-datetime-edit-hour-field,
  ::-webkit-datetime-edit-minute-field,
  ::-webkit-datetime-edit-second-field,
  ::-webkit-datetime-edit-millisecond-field,
  ::-webkit-datetime-edit-meridiem-field {
    padding-block: 0;
  }
  ::-webkit-calendar-picker-indicator {
    line-height: 1;
  }
  :-moz-ui-invalid {
    box-shadow: none;
  }
  button,
  input:where([type="button"], [type="reset"], [type="submit"]),
  ::file-selector-button {
    appearance: button;
  }
  ::-webkit-inner-spin-button,
  ::-webkit-outer-spin-button {
    height: auto;
  }
  [hidden]:where(:not([hidden="until-found"])) {
    display: none !important;
  }
}
@layer utilities {
  .pointer-events-auto {
    pointer-events: auto;
  }
  .pointer-events-none {
    pointer-events: none;
  }
  .visible {
    visibility: visible;
  }
  .sr-only {
    position: absolute;
    width: 1px;
    height: 1px;
    padding: 0;
    margin: -1px;
    overflow: hidden;
    clip-path: inset(50%);
    white-space: nowrap;
    border-width: 0;
  }
  .absolute {
    position: absolute;
  }
  .fixed {
    position: fixed;
  }
  .relative {
    position: relative;
  }
  .static {
    position: static;
  }
  .inset-0 {
    inset: calc(var(--spacing) * 0);
  }
  .top-0 {
    top: calc(var(--spacing) * 0);
  }
  .top-1\/2 {
    top: calc(1/2 * 100%);
  }
  .top-6 {
    top: calc(var(--spacing) * 6);
  }
  .top-\[10\%\] {
    top: 10%;
  }
  .top-\[40\%\] {
    top: 40%;
  }
  .right-0 {
    right: calc(var(--spacing) * 0);
  }
  .right-6 {
    right: calc(var(--spacing) * 6);
  }
  .right-8 {
    right: calc(var(--spacing) * 8);
  }
  .-bottom-12 {
    bottom: calc(var(--spacing) * -12);
  }
  .bottom-0 {
    bottom: calc(var(--spacing) * 0);
  }
  .bottom-8 {
    bottom: calc(var(--spacing) * 8);
  }
  .left-0 {
    left: calc(var(--spacing) * 0);
  }
  .left-1\/2 {
    left: calc(1/2 * 100%);
  }
  .left-6 {
    left: calc(var(--spacing) * 6);
  }
  .left-\[50\%\] {
    left: 50%;
  }
  .z-0 {
    z-index: 0;
  }
  .z-10 {
    z-index: 10;
  }
  .z-40 {
    z-index: 40;
  }
  .z-50 {
    z-index: 50;
  }
  .float-left {
    float: left;
  }
  .m-1 {
    margin: calc(var(--spacing) * 1);
  }
  .m-2 {
    margin: calc(var(--spacing) * 2);
  }
  .m-3 {
    margin: calc(var(--spacing) * 3);
  }
  .m-4 {
    margin: calc(var(--spacing) * 4);
  }
  .m-5 {
    margin: calc(var(--spacing) * 5);
  }
  .mx-1 {
    margin-inline: calc(var(--spacing) * 1);
  }
  .mx-2 {
    margin-inline: calc(var(--spacing) * 2);
  }
  .mx-3 {
    margin-inline: calc(var(--spacing) * 3);
  }
  .mx-4 {
    margin-inline: calc(var(--spacing) * 4);
  }
  .mx-5 {
    margin-inline: calc(var(--spacing) * 5);
  }
  .mx-auto {
    margin-inline: auto;
  }
  .my-1 {
    margin-block: calc(var(--spacing) * 1);
  }
  .my-2 {
    margin-block: calc(var(--spacing) * 2);
  }
  .my-3 {
    margin-block: calc(var(--spacing) * 3);
  }
  .my-4 {
    margin-block: calc(var(--spacing) * 4);
  }
  .my-5 {
    margin-block: calc(var(--spacing) * 5);
  }
  .mt-1 {
    margin-top: calc(var(--spacing) * 1);
  }
  .mt-2 {
    margin-top: calc(var(--spacing) * 2);
  }
  .mt-3 {
    margin-top: calc(var(--spacing) * 3);
  }
  .mt-4 {
    margin-top: calc(var(--spacing) * 4);
  }
  .mt-5 {
    margin-top: calc(var(--spacing) * 5);
  }
  .mt-32 {
    margin-top: calc(var(--spacing) * 32);
  }
  .mr-1 {
    margin-right: calc(var(--spacing) * 1);
  }
  .mr-2 {
    margin-right: calc(var(--spacing) * 2);
  }
  .mr-3 {
    margin-right: calc(var(--spacing) * 3);
  }
  .mr-4 {
    margin-right: calc(var(--spacing) * 4);
  }
  .mr-5 {
    margin-right: calc(var(--spacing) * 5);
  }
  .mb-1 {
    margin-bottom: calc(var(--spacing) * 1);
  }
  .mb-2 {
    margin-bottom: calc(var(--spacing) * 2);
  }
  .mb-3 {
    margin-bottom: calc(var(--spacing) * 3);
  }
  .mb-4 {
    margin-bottom: calc(var(--spacing) * 4);
  }
  .mb-5 {
    margin-bottom: calc(var(--spacing) * 5);
  }
  .ml-1 {
    margin-left: calc(var(--spacing) * 1);
  }
  .ml-2 {
    margin-left: calc(var(--spacing) * 2);
  }
  .ml-3 {
    margin-left: calc(var(--spacing) * 3);
  }
  .ml-4 {
    margin-left: calc(var(--spacing) * 4);
  }
  .ml-5 {
    margin-left: calc(var(--spacing) * 5);
  }
  .block {
    display: block;
  }
  .flex {
    display: flex;
  }
  .grid {
    display: grid;
  }
  .hidden {
    display: none;
  }
  .inline-flex {
    display: inline-flex;
  }
  .aspect-\[4\/5\] {
    aspect-ratio: 4/5;
  }
  .h-1 {
    height: calc(var(--spacing) * 1);
  }
  .h-1\.5 {
    height: calc(var(--spacing) * 1.5);
  }
  .h-3 {
    height: calc(var(--spacing) * 3);
  }
  .h-5 {
    height: calc(var(--spacing) * 5);
  }
  .h-6 {
    height: calc(var(--spacing) * 6);
  }
  .h-8 {
    height: calc(var(--spacing) * 8);
  }
  .h-12 {
    height: calc(var(--spacing) * 12);
  }
  .h-16 {
    height: calc(var(--spacing) * 16);
  }
  .h-32 {
    height: calc(var(--spacing) * 32);
  }
  .h-\[60vh\] {
    height: 60vh;
  }
  .h-full {
    height: 100%;
  }
  .h-screen {
    height: 100vh;
  }
  .min-h-screen {
    min-height: 100vh;
  }
  .w-1\.5 {
    width: calc(var(--spacing) * 1.5);
  }
  .w-5 {
    width: calc(var(--spacing) * 5);
  }
  .w-6 {
    width: calc(var(--spacing) * 6);
  }
  .w-12 {
    width: calc(var(--spacing) * 12);
  }
  .w-16 {
    width: calc(var(--spacing) * 16);
  }
  .w-24 {
    width: calc(var(--spacing) * 24);
  }
  .w-32 {
    width: calc(var(--spacing) * 32);
  }
  .w-48 {
    width: calc(var(--spacing) * 48);
  }
  .w-\[90\%\] {
    width: 90%;
  }
  .w-full {
    width: 100%;
  }
  .w-px {
    width: 1px;
  }
  .max-w-0 {
    max-width: calc(var(--spacing) * 0);
  }
  .max-w-lg {
    max-width: var(--container-lg);
  }
  .max-w-md {
    max-width: var(--container-md);
  }
  .flex-1 {
    flex: 1;
  }
  .grow {
    flex-grow: 1;
  }
  .-translate-x-1\/2 {
    --tw-translate-x: calc(calc(1/2 * 100%) * -1);
    translate: var(--tw-translate-x) var(--tw-translate-y);
  }
  .-translate-y-1\/2 {
    --tw-translate-y: calc(calc(1/2 * 100%) * -1);
    translate: var(--tw-translate-x) var(--tw-translate-y);
  }
  .transform {
    transform: var(--tw-rotate-x,) var(--tw-rotate-y,) var(--tw-rotate-z,) var(--tw-skew-x,) var(--tw-skew-y,);
  }
  .animate-pulse {
    animation: var(--animate-pulse);
  }
  .cursor-crosshair {
    cursor: crosshair;
  }
  .cursor-not-allowed {
    cursor: not-allowed;
  }
  .cursor-pointer {
    cursor: pointer;
  }
  .touch-none {
    touch-action: none;
  }
  .resize {
    resize: both;
  }
  .flex-col {
    flex-direction: column;
  }
  .items-center {
    align-items: center;
  }
  .justify-between {
    justify-content: space-between;
  }
  .justify-center {
    justify-content: center;
  }
  .gap-1 {
    gap: calc(var(--spacing) * 1);
  }
  .gap-2 {
    gap: calc(var(--spacing) * 2);
  }
  .gap-3 {
    gap: calc(var(--spacing) * 3);
  }
  .gap-4 {
    gap: calc(var(--spacing) * 4);
  }
  .space-y-2 {
    :where(& > :not(:last-child)) {
      --tw-space-y-reverse: 0;
      margin-block-start: calc(calc(var(--spacing) * 2) * var(--tw-space-y-reverse));
      margin-block-end: calc(calc(var(--spacing) * 2) * calc(1 - var(--tw-space-y-reverse)));
    }
  }
  .overflow-hidden {
    overflow: hidden;
  }
  .overflow-x-hidden {
    overflow-x: hidden;
  }
  .overflow-y-auto {
    overflow-y: auto;
  }
  .scroll-smooth {
    scroll-behavior: smooth;
  }
  .rounded-2xl {
    border-radius: var(--radius-2xl);
  }
  .rounded-3xl {
    border-radius: var(--radius-3xl);
  }
  .rounded-full {
    border-radius: calc(infinity * 1px);
  }
  .rounded-lg {
    border-radius: var(--radius-lg);
  }
  .rounded-sm {
    border-radius: var(--radius-sm);
  }
  .rounded-xl {
    border-radius: var(--radius-xl);
  }
  .border {
    border-style: var(--tw-border-style);
    border-width: 1px;
  }
  .border-r {
    border-right-style: var(--tw-border-style);
    border-right-width: 1px;
  }
  .border-b {
    border-bottom-style: var(--tw-border-style);
    border-bottom-width: 1px;
  }
  .border-l-4 {
    border-left-style: var(--tw-border-style);
    border-left-width: 4px;
  }
  .border-black\/5 {
    border-color: color-mix(in srgb, #000 5%, transparent);
    @supports (color: color-mix(in lab, red, red)) {
      border-color: color-mix(in oklab, var(--color-black) 5%, transparent);
    }
  }
  .border-red-200 {
    border-color: var(--color-red-200);
  }
  .border-red-500 {
    border-color: var(--color-red-500);
  }
  .border-slate-600 {
    border-color: var(--color-slate-600);
  }
  .border-stone-100 {
    border-color: var(--color-stone-100);
  }
  .border-stone-200 {
    border-color: var(--color-stone-200);
  }
  .border-stone-300 {
    border-color: var(--color-stone-300);
  }
  .border-white\/20 {
    border-color: color-mix(in srgb, #fff 20%, transparent);
    @supports (color: color-mix(in lab, red, red)) {
      border-color: color-mix(in oklab, var(--color-white) 20%, transparent);
    }
  }
  .border-zinc-100 {
    border-color: var(--color-zinc-100);
  }
  .border-zinc-200 {
    border-color: var(--color-zinc-200);
  }
  .bg-\[\#\.\.\.\] {
    background-color: #...;
  }
  .bg-\[\#0f172a\] {
    background-color: #0f172a;
  }
  .bg-\[\#1e293b\] {
    background-color: #1e293b;
  }
  .bg-\[\#fdfbf7\] {
    background-color: #fdfbf7;
  }
  .bg-black\/60 {
    background-color: color-mix(in srgb, #000 60%, transparent);
    @supports (color: color-mix(in lab, red, red)) {
      background-color: color-mix(in oklab, var(--color-black) 60%, transparent);
    }
  }
  .bg-black\/80 {
    background-color: color-mix(in srgb, #000 80%, transparent);
    @supports (color: color-mix(in lab, red, red)) {
      background-color: color-mix(in oklab, var(--color-black) 80%, transparent);
    }
  }
  .bg-blue-600 {
    background-color: var(--color-blue-600);
  }
  .bg-red-50 {
    background-color: var(--color-red-50);
  }
  .bg-red-500 {
    background-color: var(--color-red-500);
  }
  .bg-slate-50 {
    background-color: var(--color-slate-50);
  }
  .bg-stone-100\/50 {
    background-color: color-mix(in srgb, oklch(97% 0.001 106.424) 50%, transparent);
    @supports (color: color-mix(in lab, red, red)) {
      background-color: color-mix(in oklab, var(--color-stone-100) 50%, transparent);
    }
  }
  .bg-stone-200\/50 {
    background-color: color-mix(in srgb, oklch(92.3% 0.003 48.717) 50%, transparent);
    @supports (color: color-mix(in lab, red, red)) {
      background-color: color-mix(in oklab, var(--color-stone-200) 50%, transparent);
    }
  }
  .bg-stone-900 {
    background-color: var(--color-stone-900);
  }
  .bg-transparent {
    background-color: transparent;
  }
  .bg-white {
    background-color: var(--color-white);
  }
  .bg-white\/80 {
    background-color: color-mix(in srgb, #fff 80%, transparent);
    @supports (color: color-mix(in lab, red, red)) {
      background-color: color-mix(in oklab, var(--color-white) 80%, transparent);
    }
  }
  .bg-white\/90 {
    background-color: color-mix(in srgb, #fff 90%, transparent);
    @supports (color: color-mix(in lab, red, red)) {
      background-color: color-mix(in oklab, var(--color-white) 90%, transparent);
    }
  }
  .bg-zinc-50 {
    background-color: var(--color-zinc-50);
  }
  .bg-zinc-100 {
    background-color: var(--color-zinc-100);
  }
  .bg-zinc-200 {
    background-color: var(--color-zinc-200);
  }
  .bg-zinc-900 {
    background-color: var(--color-zinc-900);
  }
  .p-0 {
    padding: calc(var(--spacing) * 0);
  }
  .p-1 {
    padding: calc(var(--spacing) * 1);
  }
  .p-2 {
    padding: calc(var(--spacing) * 2);
  }
  .p-3 {
    padding: calc(var(--spacing) * 3);
  }
  .p-4 {
    padding: calc(var(--spacing) * 4);
  }
  .p-5 {
    padding: calc(var(--spacing) * 5);
  }
  .p-6 {
    padding: calc(var(--spacing) * 6);
  }
  .p-8 {
    padding: calc(var(--spacing) * 8);
  }
  .px-1 {
    padding-inline: calc(var(--spacing) * 1);
  }
  .px-2 {
    padding-inline: calc(var(--spacing) * 2);
  }
  .px-3 {
    padding-inline: calc(var(--spacing) * 3);
  }
  .px-4 {
    padding-inline: calc(var(--spacing) * 4);
  }
  .px-5 {
    padding-inline: calc(var(--spacing) * 5);
  }
  .px-6 {
    padding-inline: calc(var(--spacing) * 6);
  }
  .py-1 {
    padding-block: calc(var(--spacing) * 1);
  }
  .py-2 {
    padding-block: calc(var(--spacing) * 2);
  }
  .py-3 {
    padding-block: calc(var(--spacing) * 3);
  }
  .py-4 {
    padding-block: calc(var(--spacing) * 4);
  }
  .py-5 {
    padding-block: calc(var(--spacing) * 5);
  }
  .pt-1 {
    padding-top: calc(var(--spacing) * 1);
  }
  .pt-2 {
    padding-top: calc(var(--spacing) * 2);
  }
  .pt-3 {
    padding-top: calc(var(--spacing) * 3);
  }
  .pt-4 {
    padding-top: calc(var(--spacing) * 4);
  }
  .pt-5 {
    padding-top: calc(var(--spacing) * 5);
  }
  .pr-1 {
    padding-right: calc(var(--spacing) * 1);
  }
  .pr-2 {
    padding-right: calc(var(--spacing) * 2);
  }
  .pr-3 {
    padding-right: calc(var(--spacing) * 3);
  }
  .pr-4 {
    padding-right: calc(var(--spacing) * 4);
  }
  .pr-5 {
    padding-right: calc(var(--spacing) * 5);
  }
  .pb-1 {
    padding-bottom: calc(var(--spacing) * 1);
  }
  .pb-2 {
    padding-bottom: calc(var(--spacing) * 2);
  }
  .pb-3 {
    padding-bottom: calc(var(--spacing) * 3);
  }
  .pb-4 {
    padding-bottom: calc(var(--spacing) * 4);
  }
  .pb-5 {
    padding-bottom: calc(var(--spacing) * 5);
  }
  .pb-32 {
    padding-bottom: calc(var(--spacing) * 32);
  }
  .pl-1 {
    padding-left: calc(var(--spacing) * 1);
  }
  .pl-2 {
    padding-left: calc(var(--spacing) * 2);
  }
  .pl-3 {
    padding-left: calc(var(--spacing) * 3);
  }
  .pl-4 {
    padding-left: calc(var(--spacing) * 4);
  }
  .pl-5 {
    padding-left: calc(var(--spacing) * 5);
  }
  .text-center {
    text-align: center;
  }
  .font-mono {
    font-family: var(--font-mono);
  }
  .font-sans {
    font-family: var(--font-sans);
  }
  .font-serif {
    font-family: var(--font-serif);
  }
  .text-2xl {
    font-size: var(--text-2xl);
    line-height: var(--tw-leading, var(--text-2xl--line-height));
  }
  .text-3xl {
    font-size: var(--text-3xl);
    line-height: var(--tw-leading, var(--text-3xl--line-height));
  }
  .text-6xl {
    font-size: var(--text-6xl);
    line-height: var(--tw-leading, var(--text-6xl--line-height));
  }
  .text-lg {
    font-size: var(--text-lg);
    line-height: var(--tw-leading, var(--text-lg--line-height));
  }
  .text-sm {
    font-size: var(--text-sm);
    line-height: var(--tw-leading, var(--text-sm--line-height));
  }
  .text-xl {
    font-size: var(--text-xl);
    line-height: var(--tw-leading, var(--text-xl--line-height));
  }
  .text-xs {
    font-size: var(--text-xs);
    line-height: var(--tw-leading, var(--text-xs--line-height));
  }
  .text-\[10px\] {
    font-size: 10px;
  }
  .font-black {
    --tw-font-weight: var(--font-weight-black);
    font-weight: var(--font-weight-black);
  }
  .font-bold {
    --tw-font-weight: var(--font-weight-bold);
    font-weight: var(--font-weight-bold);
  }
  .font-medium {
    --tw-font-weight: var(--font-weight-medium);
    font-weight: var(--font-weight-medium);
  }
  .tracking-tight {
    --tw-tracking: var(--tracking-tight);
    letter-spacing: var(--tracking-tight);
  }
  .tracking-widest {
    --tw-tracking: var(--tracking-widest);
    letter-spacing: var(--tracking-widest);
  }
  .whitespace-nowrap {
    white-space: nowrap;
  }
  .text-blue-100 {
    color: var(--color-blue-100);
  }
  .text-indigo-500 {
    color: var(--color-indigo-500);
  }
  .text-red-600 {
    color: var(--color-red-600);
  }
  .text-red-800 {
    color: var(--color-red-800);
  }
  .text-rose-500 {
    color: var(--color-rose-500);
  }
  .text-sky-500 {
    color: var(--color-sky-500);
  }
  .text-slate-100 {
    color: var(--color-slate-100);
  }
  .text-slate-400 {
    color: var(--color-slate-400);
  }
  .text-stone-500 {
    color: var(--color-stone-500);
  }
  .text-stone-800 {
    color: var(--color-stone-800);
  }
  .text-stone-900 {
    color: var(--color-stone-900);
  }
  .text-white {
    color: var(--color-white);
  }
  .text-zinc-300 {
    color: var(--color-zinc-300);
  }
  .text-zinc-400 {
    color: var(--color-zinc-400);
  }
  .text-zinc-500 {
    color: var(--color-zinc-500);
  }
  .text-zinc-600 {
    color: var(--color-zinc-600);
  }
  .text-zinc-700 {
    color: var(--color-zinc-700);
  }
  .text-zinc-800 {
    color: var(--color-zinc-800);
  }
  .text-zinc-900 {
    color: var(--color-zinc-900);
  }
  .uppercase {
    text-transform: uppercase;
  }
  .italic {
    font-style: italic;
  }
  .line-through {
    text-decoration-line: line-through;
  }
  .overline {
    text-decoration-line: overline;
  }
  .underline {
    text-decoration-line: underline;
  }
  .opacity-0 {
    opacity: 0%;
  }
  .opacity-20 {
    opacity: 20%;
  }
  .opacity-50 {
    opacity: 50%;
  }
  .opacity-60 {
    opacity: 60%;
  }
  .opacity-100 {
    opacity: 100%;
  }
  .opacity-\[0\.05\] {
    opacity: 0.05;
  }
  .shadow {
    --tw-shadow: 0 1px 3px 0 var(--tw-shadow-color, rgb(0 0 0 / 0.1)), 0 1px 2px -1px var(--tw-shadow-color, rgb(0 0 0 / 0.1));
    box-shadow: var(--tw-inset-shadow), var(--tw-inset-ring-shadow), var(--tw-ring-offset-shadow), var(--tw-ring-shadow), var(--tw-shadow);
  }
  .shadow-2xl {
    --tw-shadow: 0 25px 50px -12px var(--tw-shadow-color, rgb(0 0 0 / 0.25));
    box-shadow: var(--tw-inset-shadow), var(--tw-inset-ring-shadow), var(--tw-ring-offset-shadow), var(--tw-ring-shadow), var(--tw-shadow);
  }
  .shadow-inner {
    --tw-shadow: inset 0 2px 4px 0 var(--tw-shadow-color, rgb(0 0 0 / 0.05));
    box-shadow: var(--tw-inset-shadow), var(--tw-inset-ring-shadow), var(--tw-ring-offset-shadow), var(--tw-ring-shadow), var(--tw-shadow);
  }
  .shadow-lg {
    --tw-shadow: 0 10px 15px -3px var(--tw-shadow-color, rgb(0 0 0 / 0.1)), 0 4px 6px -4px var(--tw-shadow-color, rgb(0 0 0 / 0.1));
    box-shadow: var(--tw-inset-shadow), var(--tw-inset-ring-shadow), var(--tw-ring-offset-shadow), var(--tw-ring-shadow), var(--tw-shadow);
  }
  .shadow-sm {
    --tw-shadow: 0 1px 3px 0 var(--tw-shadow-color, rgb(0 0 0 / 0.1)), 0 1px 2px -1px var(--tw-shadow-color, rgb(0 0 0 / 0.1));
    box-shadow: var(--tw-inset-shadow), var(--tw-inset-ring-shadow), var(--tw-ring-offset-shadow), var(--tw-ring-shadow), var(--tw-shadow);
  }
  .ring-1 {
    --tw-ring-shadow: var(--tw-ring-inset,) 0 0 0 calc(1px + var(--tw-ring-offset-width)) var(--tw-ring-color, currentcolor);
    box-shadow: var(--tw-inset-shadow), var(--tw-inset-ring-shadow), var(--tw-ring-offset-shadow), var(--tw-ring-shadow), var(--tw-shadow);
  }
  .ring-2 {
    --tw-ring-shadow: var(--tw-ring-inset,) 0 0 0 calc(2px + var(--tw-ring-offset-width)) var(--tw-ring-color, currentcolor);
    box-shadow: var(--tw-inset-shadow), var(--tw-inset-ring-shadow), var(--tw-ring-offset-shadow), var(--tw-ring-shadow), var(--tw-shadow);
  }
  .shadow-blue-900\/20 {
    --tw-shadow-color: color-mix(in srgb, oklch(37.9% 0.146 265.522) 20%, transparent);
    @supports (color: color-mix(in lab, red, red)) {
      --tw-shadow-color: color-mix(in oklab, color-mix(in oklab, var(--color-blue-900) 20%, transparent) var(--tw-shadow-alpha), transparent);
    }
  }
  .ring-black\/5 {
    --tw-ring-color: color-mix(in srgb, #000 5%, transparent);
    @supports (color: color-mix(in lab, red, red)) {
      --tw-ring-color: color-mix(in oklab, var(--color-black) 5%, transparent);
    }
  }
  .ring-offset-2 {
    --tw-ring-offset-width: 2px;
    --tw-ring-offset-shadow: var(--tw-ring-inset,) 0 0 0 var(--tw-ring-offset-width) var(--tw-ring-offset-color);
  }
  .blur {
    --tw-blur: blur(8px);
    filter: var(--tw-blur,) var(--tw-brightness,) var(--tw-contrast,) var(--tw-grayscale,) var(--tw-hue-rotate,) var(--tw-invert,) var(--tw-saturate,) var(--tw-sepia,) var(--tw-drop-shadow,);
  }
  .backdrop-blur {
    --tw-backdrop-blur: blur(8px);
    -webkit-backdrop-filter: var(--tw-backdrop-blur,) var(--tw-backdrop-brightness,) var(--tw-backdrop-contrast,) var(--tw-backdrop-grayscale,) var(--tw-backdrop-hue-rotate,) var(--tw-backdrop-invert,) var(--tw-backdrop-opacity,) var(--tw-backdrop-saturate,) var(--tw-backdrop-sepia,);
    backdrop-filter: var(--tw-backdrop-blur,) var(--tw-backdrop-brightness,) var(--tw-backdrop-contrast,) var(--tw-backdrop-grayscale,) var(--tw-backdrop-hue-rotate,) var(--tw-backdrop-invert,) var(--tw-backdrop-opacity,) var(--tw-backdrop-saturate,) var(--tw-backdrop-sepia,);
  }
  .backdrop-blur-md {
    --tw-backdrop-blur: blur(var(--blur-md));
    -webkit-backdrop-filter: var(--tw-backdrop-blur,) var(--tw-backdrop-brightness,) var(--tw-backdrop-contrast,) var(--tw-backdrop-grayscale,) var(--tw-backdrop-hue-rotate,) var(--tw-backdrop-invert,) var(--tw-backdrop-opacity,) var(--tw-backdrop-saturate,) var(--tw-backdrop-sepia,);
    backdrop-filter: var(--tw-backdrop-blur,) var(--tw-backdrop-brightness,) var(--tw-backdrop-contrast,) var(--tw-backdrop-grayscale,) var(--tw-backdrop-hue-rotate,) var(--tw-backdrop-invert,) var(--tw-backdrop-opacity,) var(--tw-backdrop-saturate,) var(--tw-backdrop-sepia,);
  }
  .backdrop-blur-sm {
    --tw-backdrop-blur: blur(var(--blur-sm));
    -webkit-backdrop-filter: var(--tw-backdrop-blur,) var(--tw-backdrop-brightness,) var(--tw-backdrop-contrast,) var(--tw-backdrop-grayscale,) var(--tw-backdrop-hue-rotate,) var(--tw-backdrop-invert,) var(--tw-backdrop-opacity,) var(--tw-backdrop-saturate,) var(--tw-backdrop-sepia,);
    backdrop-filter: var(--tw-backdrop-blur,) var(--tw-backdrop-brightness,) var(--tw-backdrop-contrast,) var(--tw-backdrop-grayscale,) var(--tw-backdrop-hue-rotate,) var(--tw-backdrop-invert,) var(--tw-backdrop-opacity,) var(--tw-backdrop-saturate,) var(--tw-backdrop-sepia,);
  }
  .backdrop-blur-xl {
    --tw-backdrop-blur: blur(var(--blur-xl));
    -webkit-backdrop-filter: var(--tw-backdrop-blur,) var(--tw-backdrop-brightness,) var(--tw-backdrop-contrast,) var(--tw-backdrop-grayscale,) var(--tw-backdrop-hue-rotate,) var(--tw-backdrop-invert,) var(--tw-backdrop-opacity,) var(--tw-backdrop-saturate,) var(--tw-backdrop-sepia,);
    backdrop-filter: var(--tw-backdrop-blur,) var(--tw-backdrop-brightness,) var(--tw-backdrop-contrast,) var(--tw-backdrop-grayscale,) var(--tw-backdrop-hue-rotate,) var(--tw-backdrop-invert,) var(--tw-backdrop-opacity,) var(--tw-backdrop-saturate,) var(--tw-backdrop-sepia,);
  }
  .transition {
    transition-property: color, background-color, border-color, outline-color, text-decoration-color, fill, stroke, --tw-gradient-from, --tw-gradient-via, --tw-gradient-to, opacity, box-shadow, transform, translate, scale, rotate, filter, -webkit-backdrop-filter, backdrop-filter, display, content-visibility, overlay, pointer-events;
    transition-timing-function: var(--tw-ease, var(--default-transition-timing-function));
    transition-duration: var(--tw-duration, var(--default-transition-duration));
  }
  .transition-all {
    transition-property: all;
    transition-timing-function: var(--tw-ease, var(--default-transition-timing-function));
    transition-duration: var(--tw-duration, var(--default-transition-duration));
  }
  .transition-colors {
    transition-property: color, background-color, border-color, outline-color, text-decoration-color, fill, stroke, --tw-gradient-from, --tw-gradient-via, --tw-gradient-to;
    transition-timing-function: var(--tw-ease, var(--default-transition-timing-function));
    transition-duration: var(--tw-duration, var(--default-transition-duration));
  }
  .transition-opacity {
    transition-property: opacity;
    transition-timing-function: var(--tw-ease, var(--default-transition-timing-function));
    transition-duration: var(--tw-duration, var(--default-transition-duration));
  }
  .transition-transform {
    transition-property: transform, translate, scale, rotate;
    transition-timing-function: var(--tw-ease, var(--default-transition-timing-function));
    transition-duration: var(--tw-duration, var(--default-transition-duration));
  }
  .duration-300 {
    --tw-duration: 300ms;
    transition-duration: 300ms;
  }
  .duration-500 {
    --tw-duration: 500ms;
    transition-duration: 500ms;
  }
  .duration-700 {
    --tw-duration: 700ms;
    transition-duration: 700ms;
  }
  .duration-1000 {
    --tw-duration: 1000ms;
    transition-duration: 1000ms;
  }
  .ease-in-out {
    --tw-ease: var(--ease-in-out);
    transition-timing-function: var(--ease-in-out);
  }
  .outline-none {
    --tw-outline-style: none;
    outline-style: none;
  }
  .select-none {
    -webkit-user-select: none;
    user-select: none;
  }
  .group-hover\:max-w-\[100px\] {
    &:is(:where(.group):hover *) {
      @media (hover: hover) {
        max-width: 100px;
      }
    }
  }
  .group-hover\:text-blue-600 {
    &:is(:where(.group):hover *) {
      @media (hover: hover) {
        color: var(--color-blue-600);
      }
    }
  }
  .selection\:bg-amber-100 {
    & *::selection {
      background-color: var(--color-amber-100);
    }
    &::selection {
      background-color: var(--color-amber-100);
    }
  }
  .selection\:bg-none {
    & *::selection {
      background-image: none;
    }
    &::selection {
      background-image: none;
    }
  }
  .hover\:scale-110 {
    &:hover {
      @media (hover: hover) {
        --tw-scale-x: 110%;
        --tw-scale-y: 110%;
        --tw-scale-z: 110%;
        scale: var(--tw-scale-x) var(--tw-scale-y);
      }
    }
  }
  .hover\:bg-red-50 {
    &:hover {
      @media (hover: hover) {
        background-color: var(--color-red-50);
      }
    }
  }
  .hover\:bg-zinc-100 {
    &:hover {
      @media (hover: hover) {
        background-color: var(--color-zinc-100);
      }
    }
  }
  .hover\:bg-zinc-200 {
    &:hover {
      @media (hover: hover) {
        background-color: var(--color-zinc-200);
      }
    }
  }
  .hover\:bg-zinc-800 {
    &:hover {
      @media (hover: hover) {
        background-color: var(--color-zinc-800);
      }
    }
  }
  .hover\:opacity-90 {
    &:hover {
      @media (hover: hover) {
        opacity: 90%;
      }
    }
  }
  .focus\:ring-2 {
    &:focus {
      --tw-ring-shadow: var(--tw-ring-inset,) 0 0 0 calc(2px + var(--tw-ring-offset-width)) var(--tw-ring-color, currentcolor);
      box-shadow: var(--tw-inset-shadow), var(--tw-inset-ring-shadow), var(--tw-ring-offset-shadow), var(--tw-ring-shadow), var(--tw-shadow);
    }
  }
  .focus\:ring-zinc-200 {
    &:focus {
      --tw-ring-color: var(--color-zinc-200);
    }
  }
  .active\:scale-95 {
    &:active {
      --tw-scale-x: 95%;
      --tw-scale-y: 95%;
      --tw-scale-z: 95%;
      scale: var(--tw-scale-x) var(--tw-scale-y);
    }
  }
  .md\:w-auto {
    @media (width >= 48rem) {
      width: auto;
    }
  }
}
:root {
  --font-sans: 'Outfit', sans-serif;
  --font-serif: 'Playfair Display', serif;
  --color-museum-bg: #fdfbf7;
  --color-museum-text: #1c1917;
  --color-museum-accent: #d97706;
}
body {
  font-family: var(--font-sans);
  background-color: var(--color-museum-bg);
  color: var(--color-museum-text);
}
html,
body,
#root {
  height: 100%;
  width: 100%;
  margin: 0;
  padding: 0;
  overflow: hidden;
  touch-action: none;
}
@property --tw-translate-x {
  syntax: "*";
  inherits: false;
  initial-value: 0;
}
@property --tw-translate-y {
  syntax: "*";
  inherits: false;
  initial-value: 0;
}
@property --tw-translate-z {
  syntax: "*";
  inherits: false;
  initial-value: 0;
}
@property --tw-rotate-x {
  syntax: "*";
  inherits: false;
}
@property --tw-rotate-y {
  syntax: "*";
  inherits: false;
}
@property --tw-rotate-z {
  syntax: "*";
  inherits: false;
}
@property --tw-skew-x {
  syntax: "*";
  inherits: false;
}
@property --tw-skew-y {
  syntax: "*";
  inherits: false;
}
@property --tw-space-y-reverse {
  syntax: "*";
  inherits: false;
  initial-value: 0;
}
@property --tw-border-style {
  syntax: "*";
  inherits: false;
  initial-value: solid;
}
@property --tw-font-weight {
  syntax: "*";
  inherits: false;
}
@property --tw-tracking {
  syntax: "*";
  inherits: false;
}
@property --tw-shadow {
  syntax: "*";
  inherits: false;
  initial-value: 0 0 #0000;
}
@property --tw-shadow-color {
  syntax: "*";
  inherits: false;
}
@property --tw-shadow-alpha {
  syntax: "<percentage>";
  inherits: false;
  initial-value: 100%;
}
@property --tw-inset-shadow {
  syntax: "*";
  inherits: false;
  initial-value: 0 0 #0000;
}
@property --tw-inset-shadow-color {
  syntax: "*";
  inherits: false;
}
@property --tw-inset-shadow-alpha {
  syntax: "<percentage>";
  inherits: false;
  initial-value: 100%;
}
@property --tw-ring-color {
  syntax: "*";
  inherits: false;
}
@property --tw-ring-shadow {
  syntax: "*";
  inherits: false;
  initial-value: 0 0 #0000;
}
@property --tw-inset-ring-color {
  syntax: "*";
  inherits: false;
}
@property --tw-inset-ring-shadow {
  syntax: "*";
  inherits: false;
  initial-value: 0 0 #0000;
}
@property --tw-ring-inset {
  syntax: "*";
  inherits: false;
}
@property --tw-ring-offset-width {
  syntax: "<length>";
  inherits: false;
  initial-value: 0px;
}
@property --tw-ring-offset-color {
  syntax: "*";
  inherits: false;
  initial-value: #fff;
}
@property --tw-ring-offset-shadow {
  syntax: "*";
  inherits: false;
  initial-value: 0 0 #0000;
}
@property --tw-blur {
  syntax: "*";
  inherits: false;
}
@property --tw-brightness {
  syntax: "*";
  inherits: false;
}
@property --tw-contrast {
  syntax: "*";
  inherits: false;
}
@property --tw-grayscale {
  syntax: "*";
  inherits: false;
}
@property --tw-hue-rotate {
  syntax: "*";
  inherits: false;
}
@property --tw-invert {
  syntax: "*";
  inherits: false;
}
@property --tw-opacity {
  syntax: "*";
  inherits: false;
}
@property --tw-saturate {
  syntax: "*";
  inherits: false;
}
@property --tw-sepia {
  syntax: "*";
  inherits: false;
}
@property --tw-drop-shadow {
  syntax: "*";
  inherits: false;
}
@property --tw-drop-shadow-color {
  syntax: "*";
  inherits: false;
}
@property --tw-drop-shadow-alpha {
  syntax: "<percentage>";
  inherits: false;
  initial-value: 100%;
}
@property --tw-drop-shadow-size {
  syntax: "*";
  inherits: false;
}
@property --tw-backdrop-blur {
  syntax: "*";
  inherits: false;
}
@property --tw-backdrop-brightness {
  syntax: "*";
  inherits: false;
}
@property --tw-backdrop-contrast {
  syntax: "*";
  inherits: false;
}
@property --tw-backdrop-grayscale {
  syntax: "*";
  inherits: false;
}
@property --tw-backdrop-hue-rotate {
  syntax: "*";
  inherits: false;
}
@property --tw-backdrop-invert {
  syntax: "*";
  inherits: false;
}
@property --tw-backdrop-opacity {
  syntax: "*";
  inherits: false;
}
@property --tw-backdrop-saturate {
  syntax: "*";
  inherits: false;
}
@property --tw-backdrop-sepia {
  syntax: "*";
  inherits: false;
}
@property --tw-duration {
  syntax: "*";
  inherits: false;
}
@property --tw-ease {
  syntax: "*";
  inherits: false;
}
@property --tw-scale-x {
  syntax: "*";
  inherits: false;
  initial-value: 1;
}
@property --tw-scale-y {
  syntax: "*";
  inherits: false;
  initial-value: 1;
}
@property --tw-scale-z {
  syntax: "*";
  inherits: false;
  initial-value: 1;
}
@keyframes pulse {
  50% {
    opacity: 0.5;
  }
}
@layer properties {
  @supports ((-webkit-hyphens: none) and (not (margin-trim: inline))) or ((-moz-orient: inline) and (not (color:rgb(from red r g b)))) {
    *, ::before, ::after, ::backdrop {
      --tw-translate-x: 0;
      --tw-translate-y: 0;
      --tw-translate-z: 0;
      --tw-rotate-x: initial;
      --tw-rotate-y: initial;
      --tw-rotate-z: initial;
      --tw-skew-x: initial;
      --tw-skew-y: initial;
      --tw-space-y-reverse: 0;
      --tw-border-style: solid;
      --tw-font-weight: initial;
      --tw-tracking: initial;
      --tw-shadow: 0 0 #0000;
      --tw-shadow-color: initial;
      --tw-shadow-alpha: 100%;
      --tw-inset-shadow: 0 0 #0000;
      --tw-inset-shadow-color: initial;
      --tw-inset-shadow-alpha: 100%;
      --tw-ring-color: initial;
      --tw-ring-shadow: 0 0 #0000;
      --tw-inset-ring-color: initial;
      --tw-inset-ring-shadow: 0 0 #0000;
      --tw-ring-inset: initial;
      --tw-ring-offset-width: 0px;
      --tw-ring-offset-color: #fff;
      --tw-ring-offset-shadow: 0 0 #0000;
      --tw-blur: initial;
      --tw-brightness: initial;
      --tw-contrast: initial;
      --tw-grayscale: initial;
      --tw-hue-rotate: initial;
      --tw-invert: initial;
      --tw-opacity: initial;
      --tw-saturate: initial;
      --tw-sepia: initial;
      --tw-drop-shadow: initial;
      --tw-drop-shadow-color: initial;
      --tw-drop-shadow-alpha: 100%;
      --tw-drop-shadow-size: initial;
      --tw-backdrop-blur: initial;
      --tw-backdrop-brightness: initial;
      --tw-backdrop-contrast: initial;
      --tw-backdrop-grayscale: initial;
      --tw-backdrop-hue-rotate: initial;
      --tw-backdrop-invert: initial;
      --tw-backdrop-opacity: initial;
      --tw-backdrop-saturate: initial;
      --tw-backdrop-sepia: initial;
      --tw-duration: initial;
      --tw-ease: initial;
      --tw-scale-x: 1;
      --tw-scale-y: 1;
      --tw-scale-z: 1;
    }
  }
}</style></head>

<body>
  <div id="root"><div class="min-h-screen bg-slate-50 overflow-hidden touch-none select-none"><div class="fixed inset-0 z-10 bg-red-500"><div class="w-full h-full relative overflow-hidden touch-none selection:bg-none transition-colors duration-700 bg-[#fdfbf7]"><div class="absolute inset-0 pointer-events-none" style="opacity: 0.03; background-image: radial-gradient(rgb(0, 0, 0) 1px, transparent 1px); background-size: 24px 24px;"></div><canvas class="absolute inset-0 pointer-events-none z-10 opacity-50" width="1280" height="720"></canvas><canvas class="touch-none absolute inset-0 cursor-crosshair bg-transparent" width="1280" height="720" style="z-index: 20; width: 1280px; height: 720px;"></canvas><div class="absolute inset-0 pointer-events-none transition-opacity duration-500 ease-in-out z-50 opacity-100"><div class="absolute top-6 left-6 pointer-events-auto"><button class="p-3 bg-white/80 rounded-full shadow-sm border border-zinc-200 hover:bg-zinc-100 transition-colors"><svg xmlns="http://www.w3.org/2000/svg" width="24" height="24" viewBox="0 0 24 24" fill="none" stroke="currentColor" stroke-width="2" stroke-linecap="round" stroke-linejoin="round" class="lucide lucide-arrow-left text-zinc-700" aria-hidden="true"><path d="m12 19-7-7 7-7"></path><path d="M19 12H5"></path></svg></button></div><div class="absolute top-6 left-1/2 transform -translate-x-1/2 w-[90%] md:w-auto text-center"><div class="bg-white border-stone-200 shadow-sm backdrop-blur-md shadow-sm border rounded-2xl p-4 inline-flex flex-col gap-1 transition-all duration-500"><h1 class="text-lg font-bold text-stone-900 font-serif italic">First Steps</h1><p class="text-sm text-stone-500 font-sans">The journey begins with a single line.</p></div></div><div class="absolute bottom-8 left-1/2 transform -translate-x-1/2 pointer-events-auto"><div class="flex items-center gap-3 p-2 bg-white/80 backdrop-blur-xl shadow-2xl border border-white/20 rounded-full ring-1 ring-black/5"><button class="p-3 bg-white rounded-full shadow-lg text-rose-500 hover:scale-110 active:scale-95 transition-transform" title="Clear (Backspace)"><svg xmlns="http://www.w3.org/2000/svg" width="24" height="24" viewBox="0 0 24 24" fill="none" stroke="currentColor" stroke-width="2" stroke-linecap="round" stroke-linejoin="round" class="lucide lucide-trash2 lucide-trash-2" aria-hidden="true"><path d="M10 11v6"></path><path d="M14 11v6"></path><path d="M19 6v14a2 2 0 0 1-2 2H7a2 2 0 0 1-2-2V6"></path><path d="M3 6h18"></path><path d="M8 6V4a2 2 0 0 1 2-2h4a2 2 0 0 1 2 2v2"></path></svg></button><div class="w-px h-6 bg-zinc-200"></div><div class="w-12 h-12 flex items-center justify-center rounded-full bg-zinc-50 border border-zinc-100"><svg xmlns="http://www.w3.org/2000/svg" width="20" height="20" viewBox="0 0 24 24" fill="none" stroke="currentColor" stroke-width="2" stroke-linecap="round" stroke-linejoin="round" class="lucide lucide-pen-tool text-zinc-400" aria-hidden="true"><path d="M15.707 21.293a1 1 0 0 1-1.414 0l-1.586-1.586a1 1 0 0 1 0-1.414l5.586-5.586a1 1 0 0 1 1.414 0l1.586 1.586a1 1 0 0 1 0 1.414z"></path><path d="m18 13-1.375-6.874a1 1 0 0 0-.746-.776L3.235 2.028a1 1 0 0 0-1.207 1.207L5.35 15.879a1 1 0 0 0 .776.746L13 18"></path><path d="m2.3 2.3 7.286 7.286"></path><circle cx="11" cy="11" r="2"></circle></svg></div><div class="w-px h-6 bg-zinc-200"></div><button class="group relative flex flex-col items-center justify-center w-12 h-12 rounded-full hover:bg-zinc-100 active:scale-95 transition-all outline-none focus:ring-2 focus:ring-zinc-200" title="Next Lesson"><svg xmlns="http://www.w3.org/2000/svg" width="20" height="20" viewBox="0 0 24 24" fill="none" stroke="currentColor" stroke-width="2" stroke-linecap="round" stroke-linejoin="round" class="lucide lucide-arrow-right text-zinc-600 group-hover:text-blue-600 transition-colors" aria-hidden="true"><path d="M5 12h14"></path><path d="m12 5 7 7-7 7"></path></svg><span class="sr-only">Next</span></button></div></div></div></div></div><div class="fixed bottom-0 right-0 p-4 bg-black/80 text-white text-xs font-mono z-50 pointer-events-none">VIEW: lesson<br>LEVEL: level-1</div></div></div>
  <script type="module" src="/src/main.tsx?t=1771028305355"></script>


</body></html>

[1A[2K  1) [chromium] › e2e\smoketest.spec.ts:4:5 › Critical User Journeys › CUJ-01: The First Steps & Persistence 

    Error: [2mexpect([22m[31mlocator[39m[2m).[22mtoBeVisible[2m([22m[2m)[22m failed

    Locator: locator('canvas')
    Expected: visible
    Error: strict mode violation: locator('canvas') resolved to 2 elements:
        1) <canvas width="1280" height="720" class="absolute inset-0 pointer-events-none z-10 opacity-50"></canvas> aka locator('canvas').first()
        2) <canvas width="1280" height="720" class="touch-none absolute inset-0 cursor-crosshair bg-transparent"></canvas> aka locator('canvas').nth(1)

    Call log:
    [2m  - Expect "toBeVisible" with timeout 10000ms[22m
    [2m  - waiting for locator('canvas')[22m


      20 |             await levelNode.click();
      21 |
    > 22 |             await expect(page.locator('canvas')).toBeVisible({ timeout: 10000 });
         |                                                  ^
      23 |         } catch (e) {
      24 |             console.log('Test Failed. Page Content:');
      25 |             console.log(await page.content());
        at C:\Users\MT\Projects\LEARN DRAWING\ai-drawing-tutor\e2e\smoketest.spec.ts:22:50

    Error Context: test-results\smoketest-Critical-User-Jo-89748-The-First-Steps-Persistence-chromium\error-context.md


[1A[2K  1 failed
    [chromium] › e2e\smoketest.spec.ts:4:5 › Critical User Journeys › CUJ-01: The First Steps & Persistence 
